<html>
<body>
<pre>
<h1>礦ision Build Log</h1>
<h2>Tool Versions:</h2>
IDE-Version: μVision V5.14.0.0
Copyright (C) 2015 ARM Ltd and ARM Germany GmbH. All rights reserved.
License Information: Shuo Jiang, 111, LIC=LJWQD-8R089-LVG1I-TK8C4-DQA6P-NB0ZL
 
Tool Versions:
Toolchain:       MDK-ARM Professional  Version: 5.14.0.0
Toolchain Path:  D:\MDK5\ARM\ARMCC\Bin
C Compiler:      Armcc.exe V5.05 update 1 (build 106)
Assembler:       Armasm.exe V5.05 update 1 (build 106)
Linker/Locator:  ArmLink.exe V5.05 update 1 (build 106)
Library Manager: ArmAr.exe V5.05 update 1 (build 106)
Hex Converter:   FromElf.exe V5.05 update 1 (build 106)
CPU DLL:         SARMCM3.DLL V5.14.0.0
Dialog DLL:      DCM.DLL V1.13.1.0
Target DLL:      STLink\ST-LINKIII-KEIL_SWO.dll V2.0.14.0_KEIL
Dialog DLL:      TCM.DLL V1.14.4.0
 
<h2>Project:</h2>
D:\宇系航通\硬件IIC-EEPROM\USER\Tempate.uvprojx
Project File Date:  07/17/2020

<h2>Output:</h2>
Build target 'Template'
compiling main.c...
main.c(56): warning:  #177-D: variable "buf" was declared but never referenced
        uint8_t buf[8] = {1,2,3,4,5,6,7,8,};    //待写入数据
main.c(57): warning:  #177-D: variable "buf1" was declared but never referenced
        uint8_t buf1[8];                                                         //读出缓冲区
main.c: 2 warnings, 0 errors
linking...
Program Size: Code=8126 RO-data=486 RW-data=36 ZI-data=2132  
FromELF: creating hex file...
"..\OBJ\Tempate.axf" - 0 Error(s), 2 Warning(s).

<h2>Collection of Component include folders:</h2>
  D:\宇系航通\硬件IIC-EEPROM\USER\RTE
  D:\MDK5\ARM\PACK\Keil\STM32F4xx_DFP\2.9.0

<h2>Collection of Component Files used:</h2>
</pre>
</body>
</html>
